{
  "version": "1.5.0",
  "plugins_used": [
    {
      "name": "ArtifactoryDetector"
    },
    {
      "name": "AWSKeyDetector"
    },
    {
      "name": "AzureStorageKeyDetector"
    },
    {
      "name": "Base64HighEntropyString",
      "limit": 4.5
    },
    {
      "name": "BasicAuthDetector"
    },
    {
      "name": "CloudantDetector"
    },
    {
      "name": "DiscordBotTokenDetector"
    },
    {
      "name": "GitHubTokenDetector"
    },
    {
      "name": "GitLabTokenDetector"
    },
    {
      "name": "HexHighEntropyString",
      "limit": 3.0
    },
    {
      "name": "IbmCloudIamDetector"
    },
    {
      "name": "IbmCosHmacDetector"
    },
    {
      "name": "IPPublicDetector"
    },
    {
      "name": "JwtTokenDetector"
    },
    {
      "name": "KeywordDetector",
      "keyword_exclude": ""
    },
    {
      "name": "MailchimpDetector"
    },
    {
      "name": "NpmDetector"
    },
    {
      "name": "OpenAIDetector"
    },
    {
      "name": "PrivateKeyDetector"
    },
    {
      "name": "PypiTokenDetector"
    },
    {
      "name": "SendGridDetector"
    },
    {
      "name": "SlackDetector"
    },
    {
      "name": "SoftlayerDetector"
    },
    {
      "name": "SquareOAuthDetector"
    },
    {
      "name": "StripeDetector"
    },
    {
      "name": "TelegramBotTokenDetector"
    },
    {
      "name": "TwilioKeyDetector"
    }
  ],
  "filters_used": [
    {
      "path": "detect_secrets.filters.allowlist.is_line_allowlisted"
    },
    {
      "path": "detect_secrets.filters.common.is_baseline_file",
      "filename": ".secrets.baseline"
    },
    {
      "path": "detect_secrets.filters.heuristic.is_indirect_reference"
    },
    {
      "path": "detect_secrets.filters.heuristic.is_likely_id_string"
    },
    {
      "path": "detect_secrets.filters.heuristic.is_lock_file"
    },
    {
      "path": "detect_secrets.filters.heuristic.is_not_alphanumeric_string"
    },
    {
      "path": "detect_secrets.filters.heuristic.is_potential_uuid"
    },
    {
      "path": "detect_secrets.filters.heuristic.is_prefixed_with_dollar_sign"
    },
    {
      "path": "detect_secrets.filters.heuristic.is_sequential_string"
    },
    {
      "path": "detect_secrets.filters.heuristic.is_swagger_file"
    },
    {
      "path": "detect_secrets.filters.heuristic.is_templated_secret"
    },
    {
      "path": "detect_secrets.filters.regex.should_exclude_file",
      "pattern": [
        "(^|/)pnpm-lock\\.yaml$"
      ]
    }
  ],
  "results": {
    ".env.example": [
      {
        "type": "Secret Keyword",
        "filename": ".env.example",
        "hashed_secret": "d6c03769b43f68a2c5cb8f9c2638e23558482a48",
        "is_verified": false,
        "line_number": 17
      },
      {
        "type": "Secret Keyword",
        "filename": ".env.example",
        "hashed_secret": "bc565f6e909ec7d3c18e2ff5d9eeb2300ff20b7f",
        "is_verified": false,
        "line_number": 22
      },
      {
        "type": "Secret Keyword",
        "filename": ".env.example",
        "hashed_secret": "b7c4d8be5fb3fbcf7d1fd262aa86b3242bfdd533",
        "is_verified": false,
        "line_number": 49
      },
      {
        "type": "Secret Keyword",
        "filename": ".env.example",
        "hashed_secret": "c993a15027b1fed634e4829f81a09d9a34dae5f1",
        "is_verified": false,
        "line_number": 90
      }
    ],
    "docs/security-audit.snapshot.json": [
      {
        "type": "Hex High Entropy String",
        "filename": "docs/security-audit.snapshot.json",
        "hashed_secret": "21aa2acc5baf7a42b60cc897d5fc72d48c23a4e0",
        "is_verified": false,
        "line_number": 4
      }
    ],
    "scripts/runtime-verification-environment.mjs": [
      {
        "type": "Basic Auth Credentials",
        "filename": "scripts/runtime-verification-environment.mjs",
        "hashed_secret": "afc848c316af1a89d49826c5ae9d00ed769415f3",
        "is_verified": false,
        "line_number": 74
      },
      {
        "type": "Secret Keyword",
        "filename": "scripts/runtime-verification-environment.mjs",
        "hashed_secret": "a991290d33e018fad8045cb4513385a426b99d6c",
        "is_verified": false,
        "line_number": 104
      },
      {
        "type": "Secret Keyword",
        "filename": "scripts/runtime-verification-environment.mjs",
        "hashed_secret": "f4f55836dc088694dac1de6c64529a60fd3df2bb",
        "is_verified": false,
        "line_number": 130
      }
    ],
    "scripts/verify-node-runtime.mjs": [
      {
        "type": "Secret Keyword",
        "filename": "scripts/verify-node-runtime.mjs",
        "hashed_secret": "f5a5ccf1468c50e0914e93d35b49f55caa7cf589",
        "is_verified": false,
        "line_number": 662
      },
      {
        "type": "Secret Keyword",
        "filename": "scripts/verify-node-runtime.mjs",
        "hashed_secret": "adb224f5612adeac4ec12b2ea3ddbecec88a08a2",
        "is_verified": false,
        "line_number": 824
      },
      {
        "type": "Secret Keyword",
        "filename": "scripts/verify-node-runtime.mjs",
        "hashed_secret": "2c38235b3d0796cb2d673c8b5322cc27584dc1df",
        "is_verified": false,
        "line_number": 846
      }
    ],
    "scripts/verify-runtime-profile.mjs": [
      {
        "type": "Hex High Entropy String",
        "filename": "scripts/verify-runtime-profile.mjs",
        "hashed_secret": "b19bfa0c6f2fb1b0b90e7198ddf220b2d07bbd9f",
        "is_verified": false,
        "line_number": 39512
      },
      {
        "type": "Hex High Entropy String",
        "filename": "scripts/verify-runtime-profile.mjs",
        "hashed_secret": "9063d6288b891e7e3478e26708a97f20567b3db8",
        "is_verified": false,
        "line_number": 39513
      },
      {
        "type": "Hex High Entropy String",
        "filename": "scripts/verify-runtime-profile.mjs",
        "hashed_secret": "9a821b8bbc5b8c5be1817eddda16d1cf92e00574",
        "is_verified": false,
        "line_number": 39514
      },
      {
        "type": "Hex High Entropy String",
        "filename": "scripts/verify-runtime-profile.mjs",
        "hashed_secret": "4204e38490c3b52e2718d86d48ae4452602d056d",
        "is_verified": false,
        "line_number": 39515
      },
      {
        "type": "Hex High Entropy String",
        "filename": "scripts/verify-runtime-profile.mjs",
        "hashed_secret": "1a4d317dd89131b77befde2b0885b82c4faa7e45",
        "is_verified": false,
        "line_number": 39532
      },
      {
        "type": "Hex High Entropy String",
        "filename": "scripts/verify-runtime-profile.mjs",
        "hashed_secret": "fd9e6b50b488a661952f7f5f6a65c02ba3b22794",
        "is_verified": false,
        "line_number": 39561
      },
      {
        "type": "Hex High Entropy String",
        "filename": "scripts/verify-runtime-profile.mjs",
        "hashed_secret": "beb7ec6e58df35627476d87b4c821d681b299109",
        "is_verified": false,
        "line_number": 39575
      },
      {
        "type": "Hex High Entropy String",
        "filename": "scripts/verify-runtime-profile.mjs",
        "hashed_secret": "ac1cf9edd09e22db42a6611e40e70983da0710cb",
        "is_verified": false,
        "line_number": 40017
      },
      {
        "type": "Hex High Entropy String",
        "filename": "scripts/verify-runtime-profile.mjs",
        "hashed_secret": "8bd3132d8f73a7af98fd3b6328ae848c93e7687b",
        "is_verified": false,
        "line_number": 40031
      },
      {
        "type": "Hex High Entropy String",
        "filename": "scripts/verify-runtime-profile.mjs",
        "hashed_secret": "6ed07fb75d964b313b81ae1aa7e9a12c9f87e903",
        "is_verified": false,
        "line_number": 40776
      },
      {
        "type": "Hex High Entropy String",
        "filename": "scripts/verify-runtime-profile.mjs",
        "hashed_secret": "c6c58c6304a7b7adaf861d298bc230f188c2d74e",
        "is_verified": false,
        "line_number": 40784
      },
      {
        "type": "Hex High Entropy String",
        "filename": "scripts/verify-runtime-profile.mjs",
        "hashed_secret": "349e38f4c74bfe397f36d916029e4cac2da7397d",
        "is_verified": false,
        "line_number": 40861
      },
      {
        "type": "Hex High Entropy String",
        "filename": "scripts/verify-runtime-profile.mjs",
        "hashed_secret": "761ada78258012408dbc714870bb11dcab892dd2",
        "is_verified": false,
        "line_number": 40877
      },
      {
        "type": "Hex High Entropy String",
        "filename": "scripts/verify-runtime-profile.mjs",
        "hashed_secret": "8eeb52ab29f57c3bea61e94588098f92d1857a9c",
        "is_verified": false,
        "line_number": 40892
      },
      {
        "type": "Hex High Entropy String",
        "filename": "scripts/verify-runtime-profile.mjs",
        "hashed_secret": "421b7d8d4eb94b78ce25ae5ed2744052bd0f0b12",
        "is_verified": false,
        "line_number": 40921
      },
      {
        "type": "Hex High Entropy String",
        "filename": "scripts/verify-runtime-profile.mjs",
        "hashed_secret": "023943508435db851498ab1e9e01c84493df922e",
        "is_verified": false,
        "line_number": 40952
      },
      {
        "type": "Hex High Entropy String",
        "filename": "scripts/verify-runtime-profile.mjs",
        "hashed_secret": "bb3fcbdf5a35ff7a1c6ff33c991d190919158c49",
        "is_verified": false,
        "line_number": 40958
      },
      {
        "type": "Hex High Entropy String",
        "filename": "scripts/verify-runtime-profile.mjs",
        "hashed_secret": "459956c6860534284e4d5e86339ef7c1d14af9ca",
        "is_verified": false,
        "line_number": 40979
      },
      {
        "type": "Hex High Entropy String",
        "filename": "scripts/verify-runtime-profile.mjs",
        "hashed_secret": "b4d6fa962e10fa14ff757ff1a379bd865fbfdfac",
        "is_verified": false,
        "line_number": 40990
      },
      {
        "type": "Hex High Entropy String",
        "filename": "scripts/verify-runtime-profile.mjs",
        "hashed_secret": "5f2e90f89282a6fcacfb4ad8b19d407114e2d399",
        "is_verified": false,
        "line_number": 41021
      },
      {
        "type": "Hex High Entropy String",
        "filename": "scripts/verify-runtime-profile.mjs",
        "hashed_secret": "d8a5ee8982411c4dd0091d9bc86d157d1105de85",
        "is_verified": false,
        "line_number": 44424
      },
      {
        "type": "Hex High Entropy String",
        "filename": "scripts/verify-runtime-profile.mjs",
        "hashed_secret": "dd94a1342b843ca73bf6b792eaec016264897ab5",
        "is_verified": false,
        "line_number": 44426
      },
      {
        "type": "Hex High Entropy String",
        "filename": "scripts/verify-runtime-profile.mjs",
        "hashed_secret": "a15c66d5788100c6ef0acaf744315510a227b820",
        "is_verified": false,
        "line_number": 44428
      },
      {
        "type": "Hex High Entropy String",
        "filename": "scripts/verify-runtime-profile.mjs",
        "hashed_secret": "ab849e9427ca9cf6dae9f2273accfbd50bb5ef80",
        "is_verified": false,
        "line_number": 44430
      },
      {
        "type": "Hex High Entropy String",
        "filename": "scripts/verify-runtime-profile.mjs",
        "hashed_secret": "76563d2ca9fddb708e7406b04981c152c62cfe7c",
        "is_verified": false,
        "line_number": 44435
      },
      {
        "type": "Hex High Entropy String",
        "filename": "scripts/verify-runtime-profile.mjs",
        "hashed_secret": "2ad87dbf6fcc71be0a52b999d52c9cbd97060803",
        "is_verified": false,
        "line_number": 44437
      },
      {
        "type": "Hex High Entropy String",
        "filename": "scripts/verify-runtime-profile.mjs",
        "hashed_secret": "4d20d30a59c56a4285ec0ac63cd5f8ce0f47ec68",
        "is_verified": false,
        "line_number": 44439
      },
      {
        "type": "Hex High Entropy String",
        "filename": "scripts/verify-runtime-profile.mjs",
        "hashed_secret": "73e1a25d9e7918923d2daab8c77f801295a0d10c",
        "is_verified": false,
        "line_number": 44444
      }
    ],
    "src/app/i18n/en/auth.json": [
      {
        "type": "Secret Keyword",
        "filename": "src/app/i18n/en/auth.json",
        "hashed_secret": "97ff6884d6ff311da211b0e940033ce43e5221b2",
        "is_verified": false,
        "line_number": 88
      },
      {
        "type": "Secret Keyword",
        "filename": "src/app/i18n/en/auth.json",
        "hashed_secret": "c0494cb3595504b9c4455642e3f2ced99208de22",
        "is_verified": false,
        "line_number": 90
      },
      {
        "type": "Secret Keyword",
        "filename": "src/app/i18n/en/auth.json",
        "hashed_secret": "02d0b8f7289cde4cb3e15127413b7f3064e83cec",
        "is_verified": false,
        "line_number": 98
      },
      {
        "type": "Secret Keyword",
        "filename": "src/app/i18n/en/auth.json",
        "hashed_secret": "5e0fa72b730d0da0ea8ca200f940dc967e0172ed",
        "is_verified": false,
        "line_number": 99
      },
      {
        "type": "Secret Keyword",
        "filename": "src/app/i18n/en/auth.json",
        "hashed_secret": "3087a62a088ecee05bc928b1214af4c3e2455ee1",
        "is_verified": false,
        "line_number": 101
      },
      {
        "type": "Secret Keyword",
        "filename": "src/app/i18n/en/auth.json",
        "hashed_secret": "13b4e5c144b1491da1c1d06f8b87da0c9dd9bb99",
        "is_verified": false,
        "line_number": 118
      },
      {
        "type": "Secret Keyword",
        "filename": "src/app/i18n/en/auth.json",
        "hashed_secret": "6e1487ca6bbfd4fc5774791c9ab81942c55fec0b",
        "is_verified": false,
        "line_number": 166
      },
      {
        "type": "Secret Keyword",
        "filename": "src/app/i18n/en/auth.json",
        "hashed_secret": "d4f858b181bdf31d97d4b17416d33e44753c05bb",
        "is_verified": false,
        "line_number": 195
      }
    ],
    "src/app/i18n/fr/auth.json": [
      {
        "type": "Secret Keyword",
        "filename": "src/app/i18n/fr/auth.json",
        "hashed_secret": "6a84c1a95f3782377353c76bb0e692b12a8d79c5",
        "is_verified": false,
        "line_number": 53
      },
      {
        "type": "Secret Keyword",
        "filename": "src/app/i18n/fr/auth.json",
        "hashed_secret": "9e960755160ec0f4b98cb77a624f5d7bfa723995",
        "is_verified": false,
        "line_number": 55
      },
      {
        "type": "Secret Keyword",
        "filename": "src/app/i18n/fr/auth.json",
        "hashed_secret": "3bb71395220810b156947595ab484dd8267a22ae",
        "is_verified": false,
        "line_number": 63
      },
      {
        "type": "Secret Keyword",
        "filename": "src/app/i18n/fr/auth.json",
        "hashed_secret": "a3824f902d24bc43ea04fa0120c826d6d48cc5ab",
        "is_verified": false,
        "line_number": 64
      },
      {
        "type": "Secret Keyword",
        "filename": "src/app/i18n/fr/auth.json",
        "hashed_secret": "e4039de8749a21333ed9dfee6b117557278ba672",
        "is_verified": false,
        "line_number": 130
      }
    ],
    "src/app/i18n/sw/auth.json": [
      {
        "type": "Secret Keyword",
        "filename": "src/app/i18n/sw/auth.json",
        "hashed_secret": "4ce3ad130e13726687a56221efb8d8e044167d69",
        "is_verified": false,
        "line_number": 40
      },
      {
        "type": "Secret Keyword",
        "filename": "src/app/i18n/sw/auth.json",
        "hashed_secret": "bf30fa1eba03ff5bd3fe05b29cf938228ab9d78f",
        "is_verified": false,
        "line_number": 42
      },
      {
        "type": "Secret Keyword",
        "filename": "src/app/i18n/sw/auth.json",
        "hashed_secret": "bf96454704ddda2e99109339a4d6a2552fe72b52",
        "is_verified": false,
        "line_number": 50
      },
      {
        "type": "Secret Keyword",
        "filename": "src/app/i18n/sw/auth.json",
        "hashed_secret": "2ffebb4208f9f9c61f0ef61593c17ca997cdc4ce",
        "is_verified": false,
        "line_number": 51
      },
      {
        "type": "Secret Keyword",
        "filename": "src/app/i18n/sw/auth.json",
        "hashed_secret": "3fb3e2db572a76facd63ef3a90bfdfbb7808197b",
        "is_verified": false,
        "line_number": 53
      },
      {
        "type": "Secret Keyword",
        "filename": "src/app/i18n/sw/auth.json",
        "hashed_secret": "e8d1604abcfc5113ab32e7d71829b0438b9765e4",
        "is_verified": false,
        "line_number": 70
      },
      {
        "type": "Secret Keyword",
        "filename": "src/app/i18n/sw/auth.json",
        "hashed_secret": "376788651201ae513400db8d86bd2e0b7c63d510",
        "is_verified": false,
        "line_number": 117
      },
      {
        "type": "Secret Keyword",
        "filename": "src/app/i18n/sw/auth.json",
        "hashed_secret": "2923853d775d5e827bc0ad2f5b01338425045249",
        "is_verified": false,
        "line_number": 147
      }
    ],
    "src/modules/kernel/infrastructure/config/auth.ts": [
      {
        "type": "Secret Keyword",
        "filename": "src/modules/kernel/infrastructure/config/auth.ts",
        "hashed_secret": "c993a15027b1fed634e4829f81a09d9a34dae5f1",
        "is_verified": false,
        "line_number": 157
      }
    ],
    "tests/support/cloudflare-sentry-lifecycle-probe.ts": [
      {
        "type": "Secret Keyword",
        "filename": "tests/support/cloudflare-sentry-lifecycle-probe.ts",
        "hashed_secret": "9dbfdf3816d9a5373f0397b29b641545d203bb11",
        "is_verified": false,
        "line_number": 203
      }
    ],
    "tests/unit/app/build-info/generate-build-info.unit.spec.ts": [
      {
        "type": "Hex High Entropy String",
        "filename": "tests/unit/app/build-info/generate-build-info.unit.spec.ts",
        "hashed_secret": "158b484ae1f6f64f89da22397d25fbdafad02252",
        "is_verified": false,
        "line_number": 18
      }
    ],
    "tests/unit/composition/telemetry/otel-adapter.unit.spec.ts": [
      {
        "type": "Secret Keyword",
        "filename": "tests/unit/composition/telemetry/otel-adapter.unit.spec.ts",
        "hashed_secret": "5de485de92c302ee4c20fecd5f2351bacd254709",
        "is_verified": false,
        "line_number": 186
      }
    ],
    "tests/unit/composition/telemetry/sentry-server.unit.spec.ts": [
      {
        "type": "Hex High Entropy String",
        "filename": "tests/unit/composition/telemetry/sentry-server.unit.spec.ts",
        "hashed_secret": "ff998abc1ce6d8f01a675fa197368e44c8916e9c",
        "is_verified": false,
        "line_number": 16
      },
      {
        "type": "Hex High Entropy String",
        "filename": "tests/unit/composition/telemetry/sentry-server.unit.spec.ts",
        "hashed_secret": "125fbc14773f228e72f16d55be21bad750d30b19",
        "is_verified": false,
        "line_number": 17
      }
    ],
    "tests/unit/composition/telemetry/sentry.unit.spec.ts": [
      {
        "type": "Secret Keyword",
        "filename": "tests/unit/composition/telemetry/sentry.unit.spec.ts",
        "hashed_secret": "f3c7399f056377fc3dae16a9854fe636b720d3d0",
        "is_verified": false,
        "line_number": 278
      }
    ],
    "tests/unit/instrument-server.unit.spec.ts": [
      {
        "type": "Secret Keyword",
        "filename": "tests/unit/instrument-server.unit.spec.ts",
        "hashed_secret": "63fcb52d1e9a0a802385b7e0ea38ab3df5f42bc2",
        "is_verified": false,
        "line_number": 49
      }
    ],
    "tests/unit/modules/auth/infrastructure/better-auth/auth-config.unit.spec.ts": [
      {
        "type": "Secret Keyword",
        "filename": "tests/unit/modules/auth/infrastructure/better-auth/auth-config.unit.spec.ts",
        "hashed_secret": "697ae322c5160032fa0899b4e0397cc83103fb90",
        "is_verified": false,
        "line_number": 44
      }
    ],
    "tests/unit/modules/auth/infrastructure/secondary-store/upstash-secondary-store.unit.spec.ts": [
      {
        "type": "Basic Auth Credentials",
        "filename": "tests/unit/modules/auth/infrastructure/secondary-store/upstash-secondary-store.unit.spec.ts",
        "hashed_secret": "e5e9fa1ba31ecd1ae84f75caaa474f3a663f05f4",
        "is_verified": false,
        "line_number": 62
      }
    ],
    "tests/unit/modules/kernel/infrastructure/config/config-accessors.unit.spec.ts": [
      {
        "type": "Basic Auth Credentials",
        "filename": "tests/unit/modules/kernel/infrastructure/config/config-accessors.unit.spec.ts",
        "hashed_secret": "1110cbea91b6ddd387f2cd2b8cd7a8fea0aa3738",
        "is_verified": false,
        "line_number": 724
      }
    ],
    "tests/unit/modules/kernel/infrastructure/db/client-hyperdrive.unit.spec.ts": [
      {
        "type": "Basic Auth Credentials",
        "filename": "tests/unit/modules/kernel/infrastructure/db/client-hyperdrive.unit.spec.ts",
        "hashed_secret": "e5e9fa1ba31ecd1ae84f75caaa474f3a663f05f4",
        "is_verified": false,
        "line_number": 35
      }
    ],
    "tests/unit/modules/kernel/transport/tanstack/result-mapper.unit.spec.ts": [
      {
        "type": "Secret Keyword",
        "filename": "tests/unit/modules/kernel/transport/tanstack/result-mapper.unit.spec.ts",
        "hashed_secret": "e5e9fa1ba31ecd1ae84f75caaa474f3a663f05f4",
        "is_verified": false,
        "line_number": 201
      }
    ],
    "tests/unit/modules/kernel/transport/tanstack/server-fn-error.unit.spec.ts": [
      {
        "type": "Secret Keyword",
        "filename": "tests/unit/modules/kernel/transport/tanstack/server-fn-error.unit.spec.ts",
        "hashed_secret": "87ceec5164de68bad9f8fd129dbd764b7176fb8a",
        "is_verified": false,
        "line_number": 64
      }
    ],
    "tests/unit/platform/env/client-url-security.unit.spec.ts": [
      {
        "type": "Basic Auth Credentials",
        "filename": "tests/unit/platform/env/client-url-security.unit.spec.ts",
        "hashed_secret": "e5e9fa1ba31ecd1ae84f75caaa474f3a663f05f4",
        "is_verified": false,
        "line_number": 117
      }
    ],
    "tests/unit/runtime/cloudflare/sentry-options.unit.spec.ts": [
      {
        "type": "Secret Keyword",
        "filename": "tests/unit/runtime/cloudflare/sentry-options.unit.spec.ts",
        "hashed_secret": "9dbfdf3816d9a5373f0397b29b641545d203bb11",
        "is_verified": false,
        "line_number": 43
      }
    ],
    "tests/unit/runtime/cloudflare/telemetry-adapter.unit.spec.ts": [
      {
        "type": "Secret Keyword",
        "filename": "tests/unit/runtime/cloudflare/telemetry-adapter.unit.spec.ts",
        "hashed_secret": "c16c35826aee7a0787252b89712def24478819f9",
        "is_verified": false,
        "line_number": 78
      }
    ],
    "tests/unit/scripts/check-jittest-report.unit.spec.mjs": [
      {
        "type": "Secret Keyword",
        "filename": "tests/unit/scripts/check-jittest-report.unit.spec.mjs",
        "hashed_secret": "991007e6e1cd321efd8f809cd9627b3d96afdab1",
        "is_verified": false,
        "line_number": 461
      }
    ],
    "tests/unit/scripts/setup.unit.spec.mjs": [
      {
        "type": "Secret Keyword",
        "filename": "tests/unit/scripts/setup.unit.spec.mjs",
        "hashed_secret": "d6c03769b43f68a2c5cb8f9c2638e23558482a48",
        "is_verified": false,
        "line_number": 212
      },
      {
        "type": "Secret Keyword",
        "filename": "tests/unit/scripts/setup.unit.spec.mjs",
        "hashed_secret": "aefdea6d6fe277fc3ab7245ec446fe1b81b43996",
        "is_verified": false,
        "line_number": 213
      },
      {
        "type": "Secret Keyword",
        "filename": "tests/unit/scripts/setup.unit.spec.mjs",
        "hashed_secret": "bc565f6e909ec7d3c18e2ff5d9eeb2300ff20b7f",
        "is_verified": false,
        "line_number": 216
      },
      {
        "type": "Secret Keyword",
        "filename": "tests/unit/scripts/setup.unit.spec.mjs",
        "hashed_secret": "b8766ea37347d74768e698902510d0a99fc00d76",
        "is_verified": false,
        "line_number": 217
      },
      {
        "type": "Secret Keyword",
        "filename": "tests/unit/scripts/setup.unit.spec.mjs",
        "hashed_secret": "b7c4d8be5fb3fbcf7d1fd262aa86b3242bfdd533",
        "is_verified": false,
        "line_number": 224
      },
      {
        "type": "Secret Keyword",
        "filename": "tests/unit/scripts/setup.unit.spec.mjs",
        "hashed_secret": "dcf1a58ac279de4c573c40fd15c827eb08e4f103",
        "is_verified": false,
        "line_number": 225
      },
      {
        "type": "Secret Keyword",
        "filename": "tests/unit/scripts/setup.unit.spec.mjs",
        "hashed_secret": "c993a15027b1fed634e4829f81a09d9a34dae5f1",
        "is_verified": false,
        "line_number": 227
      },
      {
        "type": "Secret Keyword",
        "filename": "tests/unit/scripts/setup.unit.spec.mjs",
        "hashed_secret": "533b6a7716ab276bc3136863d1e3ae623fd51419",
        "is_verified": false,
        "line_number": 234
      }
    ],
    "tests/unit/scripts/verify-runtime-profile.unit.spec.mjs": [
      {
        "type": "Base64 High Entropy String",
        "filename": "tests/unit/scripts/verify-runtime-profile.unit.spec.mjs",
        "hashed_secret": "69a1cccdb4648d607923ce909f21456aa9e89cc5",
        "is_verified": false,
        "line_number": 90
      },
      {
        "type": "Base64 High Entropy String",
        "filename": "tests/unit/scripts/verify-runtime-profile.unit.spec.mjs",
        "hashed_secret": "d1823e116b07fc5673c319f2a95036ad9d548fae",
        "is_verified": false,
        "line_number": 92
      },
      {
        "type": "Hex High Entropy String",
        "filename": "tests/unit/scripts/verify-runtime-profile.unit.spec.mjs",
        "hashed_secret": "094153deaec254884229cb4b0513b3cdde548541",
        "is_verified": false,
        "line_number": 95
      },
      {
        "type": "Hex High Entropy String",
        "filename": "tests/unit/scripts/verify-runtime-profile.unit.spec.mjs",
        "hashed_secret": "896ad9add6e69e976fb2a1dce8dcc5ab5a6d0d19",
        "is_verified": false,
        "line_number": 99
      },
      {
        "type": "Hex High Entropy String",
        "filename": "tests/unit/scripts/verify-runtime-profile.unit.spec.mjs",
        "hashed_secret": "9a15918ca741f059f909c89c14d4e290ec031cb4",
        "is_verified": false,
        "line_number": 101
      },
      {
        "type": "Hex High Entropy String",
        "filename": "tests/unit/scripts/verify-runtime-profile.unit.spec.mjs",
        "hashed_secret": "cb2997ed307fa20ee053524d87e93fe7002f9da1",
        "is_verified": false,
        "line_number": 103
      },
      {
        "type": "Hex High Entropy String",
        "filename": "tests/unit/scripts/verify-runtime-profile.unit.spec.mjs",
        "hashed_secret": "e15426955626b4dd2be1c1134d7043deca3c867b",
        "is_verified": false,
        "line_number": 105
      },
      {
        "type": "Hex High Entropy String",
        "filename": "tests/unit/scripts/verify-runtime-profile.unit.spec.mjs",
        "hashed_secret": "7e6a6d534850bed2e1c773b158b006d282f9c31f",
        "is_verified": false,
        "line_number": 107
      },
      {
        "type": "Hex High Entropy String",
        "filename": "tests/unit/scripts/verify-runtime-profile.unit.spec.mjs",
        "hashed_secret": "1f0a984c5868cb9d7f49269d9c1e62f81fb42105",
        "is_verified": false,
        "line_number": 109
      },
      {
        "type": "Hex High Entropy String",
        "filename": "tests/unit/scripts/verify-runtime-profile.unit.spec.mjs",
        "hashed_secret": "6ed07fb75d964b313b81ae1aa7e9a12c9f87e903",
        "is_verified": false,
        "line_number": 4940
      },
      {
        "type": "Hex High Entropy String",
        "filename": "tests/unit/scripts/verify-runtime-profile.unit.spec.mjs",
        "hashed_secret": "ac1cf9edd09e22db42a6611e40e70983da0710cb",
        "is_verified": false,
        "line_number": 5001
      },
      {
        "type": "Hex High Entropy String",
        "filename": "tests/unit/scripts/verify-runtime-profile.unit.spec.mjs",
        "hashed_secret": "023943508435db851498ab1e9e01c84493df922e",
        "is_verified": false,
        "line_number": 5057
      }
    ],
    "tests/unit/scripts/vite-build-environment.unit.spec.ts": [
      {
        "type": "Base64 High Entropy String",
        "filename": "tests/unit/scripts/vite-build-environment.unit.spec.ts",
        "hashed_secret": "37ec2756d098ef8ea819e2766c254c938ca97431",
        "is_verified": false,
        "line_number": 27
      }
    ]
  },
  "generated_at": "2026-09-01T01:31:44Z"
}
